<html>
<body>
<pre>
<h1>µVision Build Log</h1>
<h2>Project:</h2>
C:\Users\Python\Desktop\Inter-modular-communication-standards\zrobione\komunikacja.uvproj
Project File Date:  10/09/2024

<h2>Output:</h2>
Build target 'Target 1'
compiling main.c...
linking...
Program Size: Code=7160 RO-data=304 RW-data=0 ZI-data=1256  
FromELF: creating hex file...
".\komunikacja.axf" - 0 Errors, 0 Warning(s).
Build target 'Target 1'
compiling main.c...
linking...
Program Size: Code=7128 RO-data=304 RW-data=0 ZI-data=1256  
FromELF: creating hex file...
".\komunikacja.axf" - 0 Errors, 0 Warning(s).
Build target 'Target 1'
compiling main.c...
linking...
Program Size: Code=7304 RO-data=304 RW-data=0 ZI-data=2696  
FromELF: creating hex file...
".\komunikacja.axf" - 0 Errors, 0 Warning(s).
Build target 'Target 1'
compiling main.c...
main.c(66): error:  #169: expected a declaration
main.c(77): warning:  #12-D: parsing restarts here after previous syntax error
".\komunikacja.axf" - 1 Errors, 1 Warning(s).
Target not created
Build target 'Target 1'
compiling main.c...
linking...
Program Size: Code=7304 RO-data=304 RW-data=0 ZI-data=2696  
FromELF: creating hex file...
".\komunikacja.axf" - 0 Errors, 0 Warning(s).
Build target 'Target 1'
linking...
Program Size: Code=7304 RO-data=304 RW-data=0 ZI-data=2696  
FromELF: creating hex file...
".\komunikacja.axf" - 0 Errors, 0 Warning(s).
Build target 'Target 1'
compiling main.c...
linking...
Program Size: Code=7304 RO-data=304 RW-data=0 ZI-data=2696  
FromELF: creating hex file...
".\komunikacja.axf" - 0 Errors, 0 Warning(s).
Build target 'Target 1'
compiling main.c...
linking...
Program Size: Code=7320 RO-data=304 RW-data=0 ZI-data=2696  
FromELF: creating hex file...
".\komunikacja.axf" - 0 Errors, 0 Warning(s).
Build target 'Target 1'
compiling main.c...
linking...
Program Size: Code=7320 RO-data=304 RW-data=0 ZI-data=2696  
FromELF: creating hex file...
".\komunikacja.axf" - 0 Errors, 0 Warning(s).
Build target 'Target 1'
compiling main.c...
linking...
Program Size: Code=7320 RO-data=304 RW-data=0 ZI-data=2696  
FromELF: creating hex file...
".\komunikacja.axf" - 0 Errors, 0 Warning(s).
Build target 'Target 1'
compiling main.c...
linking...
Program Size: Code=7320 RO-data=304 RW-data=0 ZI-data=2696  
FromELF: creating hex file...
".\komunikacja.axf" - 0 Errors, 0 Warning(s).
