<html>
<body>
<pre>
<h1>µVision Build Log</h1>
<h2>Project:</h2>
C:\Users\Python\Desktop\Standardy Komunikacji\zrobione\komunikacja.uvproj
Project File Date:  10/09/2024

<h2>Output:</h2>
Rebuild target 'Target 1'
assembling Startup.s...
compiling main.c...
main.c(14): error:  #29: expected an expression
main.c(14): error:  #20: identifier "iCycle" is undefined
main.c(60): warning:  #1-D: last line of file ends without a newline
".\komunikacja.axf" - 2 Errors, 1 Warning(s).
Target not created
Build target 'Target 1'
compiling main.c...
main.c(61): warning:  #1-D: last line of file ends without a newline
linking...
Program Size: Code=7160 RO-data=304 RW-data=0 ZI-data=1256  
FromELF: creating hex file...
".\komunikacja.axf" - 0 Errors, 1 Warning(s).
Build target 'Target 1'
linking...
Program Size: Code=7160 RO-data=304 RW-data=0 ZI-data=1256  
FromELF: creating hex file...
".\komunikacja.axf" - 0 Errors, 0 Warning(s).
